

*************************
REGISTER ALLOCATION INFOS
*************************
AVAILABLE REGISTERS : 31 
USED VARIABLES : 2 
-------------------------
LIVE_INTERVALS:
	LIVE_INTERVAL of T2 : [0, 4] 
-------------------------
BINDINGS : 
VAR T0 will be assigned to register R0 
VAR T1 will be assigned to register R0 
VAR T2 will be assigned to register R1 
*************************

