--------------------------------
          SYMBOL TABLE
--------------------------------
NUMBER OF SYMBOLS : 3 
--------------------------------

ID : $implicit	;; TYPE : INTEGER	;; LOCATION : R1 
ID : a	;; TYPE : INTEGER	;; LOCATION : R2 
ID : 0‰	;; TYPE : INTEGER	;; LOCATION : R3 
